#-----------------------------------------------------------
# Vivado v2019.1 (64-bit)
# SW Build 2552052 on Fri May 24 14:49:42 MDT 2019
# IP Build 2548770 on Fri May 24 18:01:18 MDT 2019
# Start of session at: Sat Jun 24 10:28:47 2023
# Process ID: 8776
# Current directory: D:/XILINX2019/arty_base
# Command line: vivado.exe -gui_launcher_event rodinguilauncherevent21608 D:\XILINX2019\arty_base\arty_base.xpr
# Log file: D:/XILINX2019/arty_base/vivado.log
# Journal file: D:/XILINX2019/arty_base\vivado.jou
#-----------------------------------------------------------
start_gui
open_project D:/XILINX2019/arty_base/arty_base.xpr
update_compile_order -fileset sources_1
open_run impl_1
report_power -name {power_1}
report_utilization -name utilization_1
close_project
open_project D:/XILINX2019/adcx/adcx.xpr
open_run impl_1
update_compile_order -fileset sources_1
report_power -name {power_1}
report_utilization -name utilization_1
close_project
open_project D:/XILINX2019/arty_base/arty_base.xpr
open_run impl_1
update_compile_order -fileset sources_1
report_power -name {power_1}
report_utilization -name utilization_1
close_project
open_project D:/XILINX2019/adcx/adcx.xpr
update_compile_order -fileset sources_1
open_run impl_1
report_power -name {power_1}
report_utilization -name utilization_1
